
> bcc@1.0.0 build
> vite build

[36mvite v4.5.14 [32mbuilding for production...[36m[39m
node.exe : 
At line:1 char:1
+ & "C:\Program Files\nodejs/node.exe" "C:\Program 
Files\nodejs/node_mo ...
+ ~~~~~~~~~~~~~~~~~~~~~~~~~~~~~~~~~~~~~~~~~~~~~~~~~~~~~~
~~~~~~~~~~~~~~~
    + CategoryInfo          : NotSpecified: (:String) [ 
   ], RemoteException
    + FullyQualifiedErrorId : NativeCommandError
 
./style.css doesn't exist at build time, it will remain 
unchanged to be resolved at runtime
transforming...
[32mΓ£ô[39m 2 modules transformed.
[32mΓ£ô built in 286ms[39m
[31mCould not resolve "./lib/main.js" from 
"index.html"[39m
file: 
[36mC:/Users/DeeMindz/Documents/BCC/index.html[39m
[31merror during build:
RollupError: Could not resolve "./lib/main.js" from 
"index.html"
    at error (file:///C:/Users/DeeMindz/Documents/BCC/no
de_modules/rollup/dist/es/shared/node-entry.js:2287:30)
    at ModuleLoader.handleInvalidResolvedId (file:///C:/
Users/DeeMindz/Documents/BCC/node_modules/rollup/dist/es
/shared/node-entry.js:24889:24)
    at file:///C:/Users/DeeMindz/Documents/BCC/node_modu
les/rollup/dist/es/shared/node-entry.js:24851:26[39m
